The PostScript backend does not support transparency; partially transparent artists will be rendered opaque.
The PostScript backend does not support transparency; partially transparent artists will be rendered opaque.
The PostScript backend does not support transparency; partially transparent artists will be rendered opaque.
D:\pykan\github\workflows\Hyein\toy_KAN_analyze.py:528: UserWarning: std(): degrees of freedom is <= 0. Correction should be strictly less than the reduction factor (input numel divided by output numel). (Triggered internally at ..\aten\src\ATen\native\ReduceOps.cpp:1760.)
  x_std = torch.std(x_slice, dim=0).detach().cpu().numpy()
D:\pykan\kan\custom_multkan_ddp.py:163: UserWarning: std(): degrees of freedom is <= 0. Correction should be strictly less than the reduction factor (input numel divided by output numel). (Triggered internally at ..\aten\src\ATen\native\ReduceOps.cpp:1760.)
  self.subnode_actscale.append(torch.std(x, dim=0).detach())
D:\pykan\kan\custom_multkan_ddp.py:173: UserWarning: std(): degrees of freedom is <= 0. Correction should be strictly less than the reduction factor (input numel divided by output numel). (Triggered internally at ..\aten\src\ATen\native\ReduceOps.cpp:1760.)
  input_range = torch.std(preacts, dim=0) + 0.1
D:\pykan\kan\custom_multkan_ddp.py:174: UserWarning: std(): degrees of freedom is <= 0. Correction should be strictly less than the reduction factor (input numel divided by output numel). (Triggered internally at ..\aten\src\ATen\native\ReduceOps.cpp:1760.)
  output_range_spline = torch.std(postacts_numerical,
D:\pykan\kan\custom_multkan_ddp.py:176: UserWarning: std(): degrees of freedom is <= 0. Correction should be strictly less than the reduction factor (input numel divided by output numel). (Triggered internally at ..\aten\src\ATen\native\ReduceOps.cpp:1760.)
  output_range = torch.std(postacts,
The PostScript backend does not support transparency; partially transparent artists will be rendered opaque.
The PostScript backend does not support transparency; partially transparent artists will be rendered opaque.
The PostScript backend does not support transparency; partially transparent artists will be rendered opaque.
The PostScript backend does not support transparency; partially transparent artists will be rendered opaque.
The PostScript backend does not support transparency; partially transparent artists will be rendered opaque.
📂 Loading results from: D:\pykan\github\workflows\Hyein\analytical_results\conditional\kan_models
Loading KAN model from: D:\pykan\github\workflows\Hyein\analytical_results\conditional\kan_models\conditional_best_kan_model
✅ KAN Model loaded successfully!

🎲 Regenerating Train data for analysis...
🧩 Model reading: as-saved (symbolic edges on disk: none).

🔍 Analyzing activations & ranking transitions in Layer 0...
📊 Activation analysis saved to: D:\pykan\github\workflows\Hyein\analytical_results\conditional\kan_models

🏁 Plotting ranking transitions (small |φ'|)...
🏁 τ = 0.3558; down-crossings (→negligible) = [0.429, 0.499]; up-crossings (→active) = [0.337]
🏁 Saved: conditional_ranking_transition.(png/svg/eps/csv)

📈 Computing Attribution Trajectory across grid intervals...
📊 Attribution trajectory saved to: D:\pykan\github\workflows\Hyein\analytical_results\conditional\kan_models\conditional_attribution_trajectory.png/svg/eps

🗺️ Generating Contour Analysis...
📊 Contour saved to: D:\pykan\github\workflows\Hyein\analytical_results\conditional\kan_models\conditional_contour_mean_fixed.png/svg/eps

📐 Computing Sectional GSA (AGSM) [equal + quantile + kan]...
📐 AGSM (equal + quantile + kan) saved: D:\pykan\github\workflows\Hyein\analytical_results\conditional\kan_models
   equal: AGSM transitions = ['0.002']
   quantile: AGSM transitions = ['0.006']
   kan: AGSM transitions = ['-0.000']

🧭 Computing ranking-transition–segmented dual measure (AGSM + attribution)...
🧭 Activation+derivatives figure saved: conditional_activation_derivatives_L0.(png/svg/eps)
🧭 Ranking-transition pts (normalized): {1: [0.3365914726951965, 0.42882204621582104], 0: [0.49899748259020926]}
🧭 Ranking-transition pts (raw): {1: [-0.40665903617635163, -0.1764921355400511], 0: [-0.0026311948740164676]}
🧭 AGSM transitions: [0.12]
🧭 Saved: conditional_transition_dual_measure.(png/svg/eps/csv)

🔍 Plotting per-interval scores for every feature with transition points...
   Feature 1 (Linear (x1)): 3 intervals ✅
   Interval -0.997 < x1 <= -0.406: 222 samples
   Interval -0.406 < x1 <= -0.176: 81 samples
   Interval -0.176 < x1 <= 0.999: 496 samples
📊 Range-based score plot saved to: D:\pykan\github\workflows\Hyein\analytical_results\conditional\kan_models\conditional_scores_interval_x1.png
🖼️  Gallery copy saved to: D:\pykan\github\workflows\Hyein\figures_for_paper\scores_interval_all\conditional_scores_interval_x1.png
   Feature 0 (Conditional (x0)): 2 intervals ✅
   Interval -1 < x0 <= -0.00262: 398 samples
   Interval -0.00262 < x0 <= 1: 402 samples
📊 Range-based score plot saved to: D:\pykan\github\workflows\Hyein\analytical_results\conditional\kan_models\conditional_scores_interval_x0.png
🖼️  Gallery copy saved to: D:\pykan\github\workflows\Hyein\figures_for_paper\scores_interval_all\conditional_scores_interval_x0.png

✂️ Selected Feature 1 (Linear (x1)) for downstream split-data pipeline.

🧂 [6] Computing Attribution Scores on Saltelli Dataset...
📊 Saltelli attribution scores saved to: D:\pykan\github\workflows\Hyein\analytical_results\conditional\kan_models
